// Jest Snapshot v1, https://goo.gl/fbAQLP

exports[`LeadParagraph component Matches the snapshot 1`] = `
<p
  className=""
>
  Leading paragraph
</p>
`;
