// Jest Snapshot v1, https://goo.gl/fbAQLP

exports[`Checkbox component Matches the snapshot 1`] = `
<DocumentFragment>
  <div
    class="ssb-checkbox"
  >
    <input
      id="item"
      tabindex="0"
      type="checkbox"
      value="item"
    />
    <label
      class="checkbox-label"
      for="item"
    >
      Item
    </label>
  </div>
</DocumentFragment>
`;
