// Jest Snapshot v1, https://goo.gl/fbAQLP

exports[`Dropdown component Matches the snapshot 1`] = `
<div
  className="ssb-dropdown"
>
  <label
    htmlFor={1}
  >
    Menu header
  </label>
  <button
    className="dropdown-interactive-area"
    onClick={[Function]}
  >
    <input
      className=""
      disabled={true}
      id={1}
      onChange={[Function]}
      placeholder="-- Select --"
      value=""
    />
    <ChevronDown
      className="dd-icon"
      color="currentColor"
      size={24}
    />
  </button>
</div>
`;
