// Jest Snapshot v1, https://goo.gl/fbAQLP

exports[`Card component Matches the snapshot 1`] = `
<div
  className="ssb-card"
>
  <button
    className="clickable top-orientation"
    onClick={[Function]}
  >
    <div
      className="card-content"
    >
      ProfileBox
    </div>
  </button>
</div>
`;
