// Jest Snapshot v1, https://goo.gl/fbAQLP

exports[`Footer Matches the snapshot 1`] = `
<div
  className="ssb-footer-wrapper"
>
  <div>
    Content
  </div>
</div>
`;
