// Jest Snapshot v1, https://goo.gl/fbAQLP

exports[`Header Matches the snapshot 1`] = `
<div
  className="ssb-header-wrapper"
>
  <div>
    Content
  </div>
</div>
`;
