// Jest Snapshot v1, https://goo.gl/fbAQLP

exports[`BlockContent component Matches the snapshot 1`] = `
<DocumentFragment>
  <div
    class="ssb-block-content"
  >
    BlockContent
  </div>
</DocumentFragment>
`;
