// Jest Snapshot v1, https://goo.gl/fbAQLP

exports[`Pagination component Matches the snapshot 1`] = `
<nav
  className="Pagination__PaginationWrapper-t7si0g-0 hEdbGl"
>
  <div
    className="Pagination__DirectionButton-t7si0g-1 fXdkih"
    onClick={[Function]}
  >
    <svg
      className="icon"
      fill="none"
      height={18}
      stroke="currentColor"
      strokeLinecap="round"
      strokeLinejoin="round"
      strokeWidth="2"
      viewBox="0 0 24 24"
      width={18}
      xmlns="http://www.w3.org/2000/svg"
    >
      <polyline
        points="15 18 9 12 15 6"
      />
    </svg>
    <span>
      Forrige
    </span>
  </div>
  <div
    className="Pagination__NavButton-t7si0g-2 cGTCea"
    onClick={[Function]}
    selected={true}
  >
    1
  </div>
  <div
    className="Pagination__NavButton-t7si0g-2 khMUa"
    onClick={[Function]}
    selected={false}
  />
  <div
    className="Pagination__DottedIndicator-t7si0g-3 fTxHcT"
  >
    ...
  </div>
  <div
    className="Pagination__NavButton-t7si0g-2 khMUa"
    onClick={[Function]}
    selected={false}
  >
    20
  </div>
  <div
    className="Pagination__DirectionButton-t7si0g-1 fXdkih"
    onClick={[Function]}
  >
    <span>
      Neste
    </span>
    <svg
      className="icon"
      fill="none"
      height={18}
      stroke="currentColor"
      strokeLinecap="round"
      strokeLinejoin="round"
      strokeWidth="2"
      viewBox="0 0 24 24"
      width={18}
      xmlns="http://www.w3.org/2000/svg"
    >
      <polyline
        points="9 18 15 12 9 6"
      />
    </svg>
  </div>
</nav>
`;
