// Jest Snapshot v1, https://goo.gl/fbAQLP

exports[`Link component Matches the snapshot 1`] = `
<a
  className="ssb-link"
  href=""
>
  <span
    className="link-text"
  >
    A regular link
  </span>
</a>
`;
